Octopus.Server.Extensibility.Authentication.DirectoryServices.DirectoryServicesExtension
Octopus.Server.Extensibility.Authentication.DirectoryServices.DirectoryServicesServiceCollectionContributor
Octopus.Server.Extensibility.Authentication.DirectoryServices.IntegratedAuthentication.IIntegratedAuthenticationHandler
Octopus.Server.Extensibility.Authentication.DirectoryServices.IntegratedAuthentication.IntegratedAuthenticationController
Octopus.Server.Extensibility.Authentication.DirectoryServices.IntegratedAuthentication.ApiConstants
Octopus.Server.Extensibility.Authentication.DirectoryServices.IntegratedAuthentication.DomainCookieOptions
Octopus.Server.Extensibility.Authentication.DirectoryServices.Configuration.DirectoryServicesConfiguration
Octopus.Server.Extensibility.Authentication.DirectoryServices.Configuration.IDirectoryServicesConfigurationStore